###############################################################################
#
# IAR ELF Linker V8.50.9.278/W32 for ARM                  01/Apr/2021  18:36:45
# Copyright 2007-2020 IAR Systems AB.
#
#    Output file  =
#        F:\iar\EK-TM4C1294_RTOS_IAR8-master\Projects\lab5\Debug\Exe\lab5.out
#    Map file     =
#        F:\iar\EK-TM4C1294_RTOS_IAR8-master\Projects\lab5\Debug\List\lab5.map
#    Command line =
#        -f C:\Users\Satan\AppData\Local\Temp\EW6719.tmp
#        (F:\iar\EK-TM4C1294_RTOS_IAR8-master\Projects\lab5\Debug\Obj\driverbuttons.o
#        F:\iar\EK-TM4C1294_RTOS_IAR8-master\Projects\lab5\Debug\Obj\driverleds.o
#        F:\iar\EK-TM4C1294_RTOS_IAR8-master\TivaWare_C_Series-2.1.4.178\driverlib\ewarm\Exe\driverlib.a
#        F:\iar\EK-TM4C1294_RTOS_IAR8-master\Projects\lab5\Debug\Obj\lab5.o
#        F:\iar\EK-TM4C1294_RTOS_IAR8-master\CMSIS-5.6.0\CMSIS\RTOS2\RTX\Library\IAR\IDE\CM4F\Exe\RTX_CM.a
#        F:\iar\EK-TM4C1294_RTOS_IAR8-master\Projects\lab5\Debug\Obj\RTX_Config.o
#        F:\iar\EK-TM4C1294_RTOS_IAR8-master\Projects\lab5\Debug\Obj\rtx_lib.o
#        F:\iar\EK-TM4C1294_RTOS_IAR8-master\Projects\lab5\Debug\Obj\startup_TM4C1294.o
#        F:\iar\EK-TM4C1294_RTOS_IAR8-master\Projects\lab5\Debug\Obj\system_TM4C1294_TW.o
#        --redirect _Printf=_PrintfFullNoMb --redirect _Scanf=_ScanfFullNoMb
#        --no_out_extension -o
#        F:\iar\EK-TM4C1294_RTOS_IAR8-master\Projects\lab5\Debug\Exe\lab5.out
#        --map
#        F:\iar\EK-TM4C1294_RTOS_IAR8-master\Projects\lab5\Debug\List\lab5.map
#        --config F:\iar\arm\config\linker\TexasInstruments\TM4C1294NC.icf
#        --semihosting --entry __iar_program_start --vfe --text_out locale)
#
###############################################################################

*******************************************************************************
*** RUNTIME MODEL ATTRIBUTES
***

CppFlavor       = *
__SystemLibrary = DLib
__dlib_version  = 6


*******************************************************************************
*** HEAP SELECTION
***

The basic heap was selected because some modules are built with
size limitations (and not runtime checking), and --advanced_heap
was not specified.


*******************************************************************************
*** PLACEMENT SUMMARY
***

"A0":  place at address 0x0 { ro section .intvec };
"P1":  place in [from 0x0 to 0xf'ffff] { ro };
define block CSTACK with size = 32K, alignment = 8 { };
define block HEAP with size = 64K, alignment = 8 { };
"P2":  place in [from 0x2000'0000 to 0x2003'ffff] {
          rw, block CSTACK, block HEAP };
initialize by copy { rw };

  Section               Kind         Address    Size  Object
  -------               ----         -------    ----  ------
"A0":                                          0x3c0
  .intvec               ro code          0x0   0x3c0  startup_TM4C1294.o [1]
                                     - 0x3c0   0x3c0

"P1":                                         0x2867
  .text                 ro code        0x3c0   0x768  rtx_thread.o [2]
  .text                 ro code        0xb28     0x2  rtx_evr.o [2]
  .text                 ro code        0xb2a     0x2  rtx_evr.o [2]
  .text                 ro code        0xb2c     0x2  rtx_evr.o [2]
  .text                 ro code        0xb2e     0x2  rtx_evr.o [2]
  .text                 ro code        0xb30     0x2  rtx_evr.o [2]
  .text                 ro code        0xb32     0x2  rtx_evr.o [2]
  .text                 ro code        0xb34     0x2  rtx_evr.o [2]
  .text                 ro code        0xb36     0x2  rtx_evr.o [2]
  .text                 ro code        0xb38     0x2  rtx_evr.o [2]
  .text                 ro code        0xb3a     0x2  rtx_evr.o [2]
  .text                 ro code        0xb3c     0x2  rtx_evr.o [2]
  .text                 ro code        0xb3e     0x2  rtx_evr.o [2]
  .text                 ro code        0xb40     0x2  rtx_evr.o [2]
  .text                 ro code        0xb42    0x3a  zero_init3.o [5]
  .text                 ro code        0xb7c    0xe6  rtx_mempool.o [2]
  .text                 ro code        0xc62     0x2  rtx_evr.o [2]
  .text                 ro code        0xc64    0x82  rtx_memory.o [2]
  .text                 ro code        0xce6     0x2  RTX_Config.o [1]
  .text                 ro code        0xce8     0x6  ABImemclr4.o [5]
  .text                 ro code        0xcee     0x2  rtx_evr.o [2]
  .text                 ro code        0xcf0    0x4a  rtx_memory.o [2]
  .text                 ro code        0xd3a     0x2  startup_TM4C1294.o [1]
  .text                 ro code        0xd3c    0x52  rtx_mutex.o [2]
  .text                 ro code        0xd8e     0x2  rtx_evr.o [2]
  .text                 ro code        0xd90     0x2  rtx_evr.o [2]
  .text                 ro code        0xd92     0x2  rtx_evr.o [2]
  .text                 ro code        0xd94     0x2  rtx_evr.o [2]
  .text                 ro code        0xd96    0x20  RTX_Config.o [1]
  .text                 ro code        0xdb6     0x2  rtx_evr.o [2]
  .text                 ro code        0xdb8     0x2  rtx_evr.o [2]
  .text                 ro code        0xdba     0x2  rtx_evr.o [2]
  .text                 ro code        0xdbc     0x2  rtx_evr.o [2]
  .text                 ro code        0xdc0    0x32  ABImemset48.o [5]
  .text                 ro code        0xdf2     0x2  rtx_evr.o [2]
  .text                 ro code        0xdf4     0x2  rtx_evr.o [2]
  .text                 ro code        0xdf6     0x2  rtx_evr.o [2]
  .text                 ro code        0xdf8   0x61c  rtx_msgqueue.o [2]
  .text                 ro code       0x1414    0xa6  ABImemcpy.o [5]
  .text                 ro code       0x14ba     0x2  rtx_evr.o [2]
  .text                 ro code       0x14bc     0x2  rtx_evr.o [2]
  .text                 ro code       0x14be     0x2  rtx_evr.o [2]
  .text                 ro code       0x14c0     0x6  ABImemclr.o [5]
  .text                 ro code       0x14c6     0x2  rtx_evr.o [2]
  .text                 ro code       0x14c8     0x2  rtx_evr.o [2]
  .text                 ro code       0x14ca     0x2  rtx_evr.o [2]
  .text                 ro code       0x14cc     0x2  rtx_evr.o [2]
  .text                 ro code       0x14ce     0x2  rtx_evr.o [2]
  .text                 ro code       0x14d0     0x2  rtx_evr.o [2]
  .text                 ro code       0x14d2     0x2  rtx_evr.o [2]
  .text                 ro code       0x14d4   0x174  rtx_system.o [2]
  .text                 ro code       0x1648     0x2  rtx_evr.o [2]
  .text                 ro code       0x164a     0x2  rtx_evr.o [2]
  .text                 ro code       0x164c    0x5e  ABImemset.o [5]
  .text                 ro code       0x16ac     0xc  os_systick.o [2]
  .text                 ro code       0x16b8   0x330  rtx_semaphore.o [2]
  .text                 ro code       0x19e8     0x2  rtx_evr.o [2]
  .text                 ro code       0x19ea     0x2  rtx_evr.o [2]
  .text                 ro code       0x19ec     0x2  rtx_evr.o [2]
  .text                 ro code       0x19ee     0x2  rtx_evr.o [2]
  .text                 ro code       0x19f0     0x2  rtx_evr.o [2]
  .text                 ro code       0x19f2     0x2  rtx_evr.o [2]
  .text                 ro code       0x19f4     0x2  rtx_evr.o [2]
  .text                 ro code       0x19f6     0x2  rtx_evr.o [2]
  .text                 ro code       0x19f8     0x2  rtx_evr.o [2]
  .text                 ro code       0x19fc   0x2c8  rtx_kernel.o [2]
  .text                 ro code       0x1cc4     0x2  rtx_evr.o [2]
  .text                 ro code       0x1cc6    0x44  rtx_memory.o [2]
  .text                 ro code       0x1d0a     0x2  rtx_evr.o [2]
  .text                 ro code       0x1d0c     0x2  rtx_evr.o [2]
  .text                 ro code       0x1d10    0x40  os_systick.o [2]
  .text                 ro code       0x1d50     0x6  os_systick.o [2]
  .text                 ro code       0x1d58    0x2c  os_systick.o [2]
  .text                 ro code       0x1d84     0x2  rtx_evr.o [2]
  .text                 ro code       0x1d86     0x2  rtx_lib.o [1]
  .text                 ro code       0x1d88     0x2  rtx_evr.o [2]
  .text                 ro code       0x1d8a     0x2  rtx_evr.o [2]
  .text                 ro code       0x1d8c     0x2  rtx_evr.o [2]
  .text                 ro code       0x1d8e     0x2  rtx_evr.o [2]
  .text                 ro code       0x1d90   0x29c  sysctl.o [4]
  .text                 ro code       0x202c   0x1d0  gpio.o [4]
  .rodata               const         0x21fc   0x1b0  sysctl.o [4]
  .text                 ro code       0x23ac   0x154  driverleds.o [1]
  .text                 ro code       0x2500   0x138  lab5.o [1]
  .text                 ro code       0x2638    0x7c  rtx_delay.o [2]
  .text                 ro code       0x26b4    0xb8  driverbuttons.o [1]
  .text                 ro code       0x276c     0x2  rtx_evr.o [2]
  .text                 ro code       0x276e     0x2  rtx_evr.o [2]
  .text                 ro code       0x2770     0x2  rtx_evr.o [2]
  .text                 ro code       0x2774    0x7c  interrupt.o [4]
  .text                 ro code       0x27f0    0xd4  rtx_timer.o [2]
  .text                 ro code       0x28c4     0x2  rtx_evr.o [2]
  .text                 ro code       0x28c8    0xc4  irq_cm4f.o [2]
  .rodata               const         0x298c    0x6c  sysctl.o [4]
  .rodata               const         0x29f8    0x68  rtx_lib.o [1]
  .text                 ro code       0x2a60    0x38  packbits_init_single.o [5]
  .rodata               const         0x2a98    0x30  sysctl.o [4]
  .text                 ro code       0x2ac8    0x2c  system_TM4C1294_TW.o [1]
  .text                 ro code       0x2af4    0x28  data_init.o [5]
  .rodata               const         0x2b1c    0x24  rtx_lib.o [1]
  .rodata               const         0x2b40    0x24  rtx_lib.o [1]
  .iar.init_table       const         0x2b64    0x20  - Linker created -
  .text                 ro code       0x2b84    0x1e  cmain.o [5]
  .text                 ro code       0x2ba2     0x4  low_level_init.o [3]
  .text                 ro code       0x2ba6     0x4  exit.o [3]
  .text                 ro code       0x2bac     0xa  cexit.o [5]
  .text                 ro code       0x2bb8    0x14  exit.o [6]
  .text                 ro code       0x2bcc    0x1c  cstartup_M.o [5]
  .text                 ro code       0x2be8    0x14  startup_TM4C1294.o [1]
  .rodata               const         0x2bfc    0x18  rtx_lib.o [1]
  .rodata               const         0x2c14     0x4  rtx_lib.o [1]
  .rodata               const         0x2c18     0x0  zero_init3.o [5]
  .rodata               const         0x2c18     0x0  packbits_init_single.o [5]
  Initializer bytes     const         0x2c18     0xf  <for P2-1>
                                    - 0x2c27  0x2867

"P2", part 1 of 3:                              0xa5
  P2-1                           0x2000'0000    0xa5  <Init block>
    .data.os            inited   0x2000'0000    0xa4  rtx_kernel.o [2]
    .data               inited   0x2000'00a4     0x1  lab5.o [1]
                               - 0x2000'00a5    0xa5

"P2", part 2 of 3:                            0x1368
  .bss.os               zero     0x2000'00a8  0x1000  rtx_lib.o [1]
  .bss.os.thread.stack  zero     0x2000'10a8   0x100  rtx_lib.o [1]
  .bss.os.thread.stack  zero     0x2000'11a8   0x100  rtx_lib.o [1]
  .bss.os.msgqueue.mem  zero     0x2000'12a8    0x50  rtx_lib.o [1]
  .bss.os.thread.cb     zero     0x2000'12f8    0x44  rtx_lib.o [1]
  .bss.os.thread.cb     zero     0x2000'133c    0x44  rtx_lib.o [1]
  .bss.os               zero     0x2000'1380    0x40  rtx_lib.o [1]
  .bss.os.msgqueue.cb   zero     0x2000'13c0    0x34  rtx_lib.o [1]
  .bss                  zero     0x2000'13f4     0x4  lab5.o [1]
  .bss                  zero     0x2000'13f8     0x4  lab5.o [1]
  .bss                  zero     0x2000'13fc     0x4  lab5.o [1]
  .bss                  zero     0x2000'1400     0x4  lab5.o [1]
  .bss                  zero     0x2000'1404     0x4  lab5.o [1]
  .bss                  zero     0x2000'1408     0x4  lab5.o [1]
  .bss                  zero     0x2000'140c     0x1  os_systick.o [2]
                               - 0x2000'140d  0x1365

"P2", part 3 of 3:                            0x8008
  .noinit               uninit   0x2000'1410     0x4  system_TM4C1294_TW.o [1]
  CSTACK                         0x2000'1418  0x8000  <Block>
    CSTACK              uninit   0x2000'1418  0x8000  <Block tail>
                               - 0x2000'9418  0x8008

Unused ranges:

         From           To      Size
         ----           --      ----
       0x2c27     0xf'ffff  0xf'd3d9
  0x2000'00a5  0x2000'00a7       0x3
  0x2000'9418  0x2003'ffff  0x3'6be8


*******************************************************************************
*** INIT TABLE
***

          Address      Size
          -------      ----
Zero (__iar_zero_init3)
    1 destination range, total size 0x1365:
          0x2000'00a8  0x1365

Copy/packbits (__iar_packbits_init_single3)
    1 source range, total size 0xf (9% of destination):
               0x2c18     0xf
    1 destination range, total size 0xa5:
          0x2000'0000    0xa5



*******************************************************************************
*** MODULE SUMMARY
***

    Module                  ro code  ro data  rw data
    ------                  -------  -------  -------
command line/config:
    -------------------------------------------------
    Total:

F:\iar\EK-TM4C1294_RTOS_IAR8-master\Projects\lab5\Debug\Obj: [1]
    RTX_Config.o                 34
    driverbuttons.o             184
    driverleds.o                340
    lab5.o                      312        1       25
    rtx_lib.o                     2      204    4'940
    startup_TM4C1294.o          982
    system_TM4C1294_TW.o         44                 4
    -------------------------------------------------
    Total:                    1'898      205    4'969

RTX_CM.a: [2]
    irq_cm4f.o                  196
    os_systick.o                126                 1
    rtx_delay.o                 124
    rtx_evr.o                   118
    rtx_kernel.o                712       14      164
    rtx_memory.o                272
    rtx_mempool.o               230
    rtx_msgqueue.o            1'564
    rtx_mutex.o                  82
    rtx_semaphore.o             816
    rtx_system.o                372
    rtx_thread.o              1'896
    rtx_timer.o                 212
    -------------------------------------------------
    Total:                    6'720       14      165

dl7M_tln.a: [3]
    exit.o                        4
    low_level_init.o              4
    -------------------------------------------------
    Total:                        8

driverlib.a: [4]
    gpio.o                      464
    interrupt.o                 124
    sysctl.o                    668      588
    -------------------------------------------------
    Total:                    1'256      588

rt7M_tl.a: [5]
    ABImemclr.o                   6
    ABImemclr4.o                  6
    ABImemcpy.o                 166
    ABImemset.o                  94
    ABImemset48.o                50
    cexit.o                      10
    cmain.o                      30
    cstartup_M.o                 28
    data_init.o                  40
    packbits_init_single.o       56
    zero_init3.o                 58
    -------------------------------------------------
    Total:                      544

shb_l.a: [6]
    exit.o                       20
    -------------------------------------------------
    Total:                       20

    Gaps                         18
    Linker created                        32   32'768
-----------------------------------------------------
    Grand Total:             10'464      839   37'902


*******************************************************************************
*** ENTRY LIST
***

Entry                       Address    Size  Type      Object
-----                       -------    ----  ----      ------
.iar.init_table$$Base        0x2b64           --   Gb  - Linker created -
.iar.init_table$$Limit       0x2b84           --   Gb  - Linker created -
?main                        0x2b85          Code  Gb  cmain.o [5]
ButtonInit                   0x26b5    0x4c  Code  Gb  driverbuttons.o [1]
ButtonIntClear               0x2743    0x1e  Code  Gb  driverbuttons.o [1]
ButtonIntEnable              0x2701    0x42  Code  Gb  driverbuttons.o [1]
CSTACK$$Base            0x2000'1418           --   Gb  - Linker created -
CSTACK$$Limit           0x2000'9418           --   Gb  - Linker created -
EvrRtxDelayCompleted          0xb29     0x2  Code  Wk  rtx_evr.o [2]
EvrRtxDelayError             0x276d     0x2  Code  Wk  rtx_evr.o [2]
EvrRtxDelayUntil             0x2771     0x2  Code  Wk  rtx_evr.o [2]
EvrRtxDelayUntilStarted
                             0x276f     0x2  Code  Wk  rtx_evr.o [2]
EvrRtxEventFlagsWaitTimeout
                              0xb2d     0x2  Code  Wk  rtx_evr.o [2]
EvrRtxKernelError            0x1cc5     0x2  Code  Wk  rtx_evr.o [2]
EvrRtxKernelGetState         0x1d0d     0x2  Code  Wk  rtx_evr.o [2]
EvrRtxKernelGetTickCount
                             0x1d8d     0x2  Code  Wk  rtx_evr.o [2]
EvrRtxKernelInitialize       0x1d89     0x2  Code  Wk  rtx_evr.o [2]
EvrRtxKernelInitialized
                             0x1d0b     0x2  Code  Wk  rtx_evr.o [2]
EvrRtxKernelStart            0x1d8b     0x2  Code  Wk  rtx_evr.o [2]
EvrRtxKernelStarted          0x1d85     0x2  Code  Wk  rtx_evr.o [2]
EvrRtxMemoryAlloc             0xdbd     0x2  Code  Wk  rtx_evr.o [2]
EvrRtxMemoryBlockAlloc        0xdb9     0x2  Code  Wk  rtx_evr.o [2]
EvrRtxMemoryBlockFree         0xdbb     0x2  Code  Wk  rtx_evr.o [2]
EvrRtxMemoryBlockInit         0xdb7     0x2  Code  Wk  rtx_evr.o [2]
EvrRtxMemoryFree              0xdf3     0x2  Code  Wk  rtx_evr.o [2]
EvrRtxMemoryInit             0x1d8f     0x2  Code  Wk  rtx_evr.o [2]
EvrRtxMemoryPoolAllocTimeout
                              0xb33     0x2  Code  Wk  rtx_evr.o [2]
EvrRtxMessageQueueCreated
                             0x14c7     0x2  Code  Wk  rtx_evr.o [2]
EvrRtxMessageQueueError
                             0x14bf     0x2  Code  Wk  rtx_evr.o [2]
EvrRtxMessageQueueGet        0x164b     0x2  Code  Wk  rtx_evr.o [2]
EvrRtxMessageQueueGetPending
                             0x14cd     0x2  Code  Wk  rtx_evr.o [2]
EvrRtxMessageQueueGetTimeout
                              0xb35     0x2  Code  Wk  rtx_evr.o [2]
EvrRtxMessageQueueInsertPending
                             0x1649     0x2  Code  Wk  rtx_evr.o [2]
EvrRtxMessageQueueInserted
                             0x14bb     0x2  Code  Wk  rtx_evr.o [2]
EvrRtxMessageQueueNew        0x14d1     0x2  Code  Wk  rtx_evr.o [2]
EvrRtxMessageQueueNotInserted
                             0x14cb     0x2  Code  Wk  rtx_evr.o [2]
EvrRtxMessageQueueNotRetrieved
                             0x14cf     0x2  Code  Wk  rtx_evr.o [2]
EvrRtxMessageQueuePut        0x14d3     0x2  Code  Wk  rtx_evr.o [2]
EvrRtxMessageQueuePutPending
                             0x14c9     0x2  Code  Wk  rtx_evr.o [2]
EvrRtxMessageQueuePutTimeout
                              0xb37     0x2  Code  Wk  rtx_evr.o [2]
EvrRtxMessageQueueRetrieved
                             0x14bd     0x2  Code  Wk  rtx_evr.o [2]
EvrRtxMutexAcquireTimeout
                              0xb2f     0x2  Code  Wk  rtx_evr.o [2]
EvrRtxMutexAcquired           0xdf7     0x2  Code  Wk  rtx_evr.o [2]
EvrRtxMutexReleased           0xdf5     0x2  Code  Wk  rtx_evr.o [2]
EvrRtxSemaphoreAcquire       0x19f7     0x2  Code  Wk  rtx_evr.o [2]
EvrRtxSemaphoreAcquirePending
                             0x19ef     0x2  Code  Wk  rtx_evr.o [2]
EvrRtxSemaphoreAcquireTimeout
                              0xb31     0x2  Code  Wk  rtx_evr.o [2]
EvrRtxSemaphoreAcquired
                             0x19e9     0x2  Code  Wk  rtx_evr.o [2]
EvrRtxSemaphoreCreated       0x19eb     0x2  Code  Wk  rtx_evr.o [2]
EvrRtxSemaphoreError         0x19ed     0x2  Code  Wk  rtx_evr.o [2]
EvrRtxSemaphoreNew           0x19f5     0x2  Code  Wk  rtx_evr.o [2]
EvrRtxSemaphoreNotAcquired
                             0x19f1     0x2  Code  Wk  rtx_evr.o [2]
EvrRtxSemaphoreRelease       0x19f9     0x2  Code  Wk  rtx_evr.o [2]
EvrRtxSemaphoreReleased
                             0x19f3     0x2  Code  Wk  rtx_evr.o [2]
EvrRtxThreadBlocked           0xb3f     0x2  Code  Wk  rtx_evr.o [2]
EvrRtxThreadCreated           0xcef     0x2  Code  Wk  rtx_evr.o [2]
EvrRtxThreadDestroyed         0xd91     0x2  Code  Wk  rtx_evr.o [2]
EvrRtxThreadError             0xc63     0x2  Code  Wk  rtx_evr.o [2]
EvrRtxThreadExit              0xd95     0x2  Code  Wk  rtx_evr.o [2]
EvrRtxThreadFlagsWaitCompleted
                              0xb41     0x2  Code  Wk  rtx_evr.o [2]
EvrRtxThreadFlagsWaitTimeout
                              0xb2b     0x2  Code  Wk  rtx_evr.o [2]
EvrRtxThreadJoined            0xd8f     0x2  Code  Wk  rtx_evr.o [2]
EvrRtxThreadNew               0xd93     0x2  Code  Wk  rtx_evr.o [2]
EvrRtxThreadPreempted         0xb3b     0x2  Code  Wk  rtx_evr.o [2]
EvrRtxThreadSwitched          0xb3d     0x2  Code  Wk  rtx_evr.o [2]
EvrRtxThreadUnblocked         0xb39     0x2  Code  Wk  rtx_evr.o [2]
EvrRtxTimerCallback          0x28c5     0x2  Code  Wk  rtx_evr.o [2]
GPIODirModeSet               0x202d    0x28  Code  Gb  gpio.o [4]
GPIOIntClear                 0x21a9     0x8  Code  Gb  gpio.o [4]
GPIOIntEnable                0x21a3     0x6  Code  Gb  gpio.o [4]
GPIOIntTypeSet               0x2055    0x4c  Code  Gb  gpio.o [4]
GPIOJ_Handler                0x2597    0x26  Code  Gb  lab5.o [1]
GPIOPadConfigSet             0x20a1   0x102  Code  Gb  gpio.o [4]
GPIOPinTypeGPIOInput         0x21bd    0x14  Code  Gb  gpio.o [4]
GPIOPinTypeGPIOOutput        0x21d1     0xa  Code  Gb  gpio.o [4]
GPIOPinWrite                 0x21b1     0x8  Code  Gb  gpio.o [4]
IntEnable                    0x2775    0x46  Code  Gb  interrupt.o [4]
LEDInit                      0x23ad    0xc6  Code  Gb  driverleds.o [1]
LEDOff                       0x24b1    0x3e  Code  Gb  driverleds.o [1]
LEDOn                        0x2473    0x3e  Code  Gb  driverleds.o [1]
MessageQueueGet               0xe45    0x40  Code  Lc  rtx_msgqueue.o [2]
MessageQueuePut               0xdf9    0x4a  Code  Lc  rtx_msgqueue.o [2]
MessageQueueRemove            0xe85    0x1a  Code  Lc  rtx_msgqueue.o [2]
OS_Tick_AcknowledgeIRQ       0x16ad     0xc  Code  Wk  os_systick.o [2]
OS_Tick_Enable               0x1d59    0x2c  Code  Wk  os_systick.o [2]
OS_Tick_GetIRQn              0x1d51     0x6  Code  Wk  os_systick.o [2]
OS_Tick_Setup                0x1d11    0x40  Code  Wk  os_systick.o [2]
PendST                  0x2000'140c     0x1  Data  Lc  os_systick.o [2]
PendSV_Handler               0x2961          Code  Gb  irq_cm4f.o [2]
Region$$Table$$Base          0x2b64           --   Gb  - Linker created -
Region$$Table$$Limit         0x2b84           --   Gb  - Linker created -
SVC_Handler                  0x28c9          Code  Gb  irq_cm4f.o [2]
SysCtlClockFreqSet           0x1df1   0x1fc  Code  Gb  sysctl.o [4]
SysCtlPeripheralEnable       0x1dd3     0x8  Code  Gb  sysctl.o [4]
SysCtlPeripheralReady        0x1db1     0x8  Code  Gb  sysctl.o [4]
SysTick_Handler              0x2971          Code  Gb  irq_cm4f.o [2]
SystemCoreClock         0x2000'1410     0x4  Data  Gb  system_TM4C1294_TW.o [1]
SystemInit                   0x2ac9    0x1a  Code  Gb  system_TM4C1294_TW.o [1]
ThreadFlagsCheck              0x3c1    0x6c  Code  Lc  rtx_thread.o [2]
TimerInsert                  0x27f1    0x38  Code  Lc  rtx_timer.o [2]
_SysCtlMemTimingGet          0x1d91    0x20  Code  Lc  sysctl.o [4]
__Vectors                       0x0           --   Gb  startup_TM4C1294.o [1]
__Vectors_End                 0x3c0          Data  Gb  startup_TM4C1294.o [1]
__Vectors_Size {Abs}          0x3c0           --   Gb  startup_TM4C1294.o [1]
__aeabi_memclr               0x14c1          Code  Gb  ABImemclr.o [5]
__aeabi_memclr4               0xce9          Code  Gb  ABImemclr4.o [5]
__aeabi_memcpy               0x1415          Code  Gb  ABImemcpy.o [5]
__aeabi_memcpy4              0x1435          Code  Gb  ABImemcpy.o [5]
__aeabi_memcpy8              0x1435          Code  Gb  ABImemcpy.o [5]
__cmain                      0x2b85          Code  Gb  cmain.o [5]
__exit                       0x2bb9    0x14  Code  Gb  exit.o [6]
__iar_Memset4_word            0xdc1          Code  Gb  ABImemset48.o [5]
__iar_Memset8_word            0xdc1          Code  Gb  ABImemset48.o [5]
__iar_Memset_word            0x164d          Code  Gb  ABImemset.o [5]
__iar_data_init3             0x2af5    0x28  Code  Gb  data_init.o [5]
__iar_init_vfp               0x2bf1          Code  Wk  startup_TM4C1294.o [1]
__iar_packbits_init_single3
                             0x2a61    0x38  Code  Gb  packbits_init_single.o [5]
__iar_program_start          0x2bcd          Code  Gb  cstartup_M.o [5]
__iar_zero_init3              0xb43    0x3a  Code  Gb  zero_init3.o [5]
__low_level_init             0x2ba3     0x4  Code  Gb  low_level_init.o [3]
__vector_table                  0x0          Data  Gb  startup_TM4C1294.o [1]
__vector_table_0x1c            0x1c          Data  Gb  startup_TM4C1294.o [1]
_call_main                   0x2b91          Code  Gb  cmain.o [5]
_exit                        0x2bad          Code  Gb  cexit.o [5]
_main                        0x2b9b          Code  Gb  cmain.o [5]
count                   0x2000'1408     0x4  Data  Gb  lab5.o [1]
debounce                0x2000'00a4     0x1  Data  Gb  lab5.o [1]
exit                         0x2ba7     0x4  Code  Gb  exit.o [3]
g_pppui32XTALtoVCO           0x21fc   0x1b0  Data  Lc  sysctl.o [4]
g_pui32EnRegs                0x27dc    0x14  Data  Lc  interrupt.o [4]
g_pui32VCOFrequencies        0x2024     0x8  Data  Lc  sysctl.o [4]
g_pui32Xtals                 0x298c    0x6c  Data  Lc  sysctl.o [4]
g_sXTALtoMEMTIM              0x2a98    0x30  Data  Lc  sysctl.o [4]
main                         0x25bd    0x56  Code  Gb  lab5.o [1]
osDelayUntil                 0x2675    0x38  Code  Gb  rtx_delay.o [2]
osKernelGetState             0x1bf9    0x40  Code  Gb  rtx_kernel.o [2]
osKernelGetTickCount         0x1c6d    0x20  Code  Gb  rtx_kernel.o [2]
osKernelInitialize           0x1bc1    0x38  Code  Gb  rtx_kernel.o [2]
osKernelStart                0x1c39    0x34  Code  Gb  rtx_kernel.o [2]
osMessageQueueGet            0x1371    0x90  Code  Gb  rtx_msgqueue.o [2]
osMessageQueueNew            0x1299    0x3e  Code  Gb  rtx_msgqueue.o [2]
osMessageQueuePut            0x12d9    0x98  Code  Gb  rtx_msgqueue.o [2]
osRtxConfig                  0x29f8    0x68  Data  Gb  rtx_lib.o [1]
osRtxErrorNotify              0xd97    0x20  Code  Wk  RTX_Config.o [1]
osRtxIdleThread               0xce7     0x2  Code  Wk  RTX_Config.o [1]
osRtxInfo               0x2000'0000    0xa4  Data  Gb  rtx_kernel.o [2]
osRtxKernelPreInit           0x1d87     0x2  Code  Gb  rtx_lib.o [1]
osRtxMemoryAlloc              0xc65    0x82  Code  Wk  rtx_memory.o [2]
osRtxMemoryFree               0xcf1    0x4a  Code  Wk  rtx_memory.o [2]
osRtxMemoryInit              0x1cc7    0x44  Code  Wk  rtx_memory.o [2]
osRtxMemoryPoolAlloc          0xbc9    0x44  Code  Gb  rtx_mempool.o [2]
osRtxMemoryPoolFree           0xc0d    0x56  Code  Gb  rtx_mempool.o [2]
osRtxMemoryPoolInit           0xb7d    0x4a  Code  Gb  rtx_mempool.o [2]
osRtxMessageQueuePostProcess
                              0xe9f    0xe6  Code  Lc  rtx_msgqueue.o [2]
osRtxMutexOwnerRelease        0xd3d    0x52  Code  Gb  rtx_mutex.o [2]
osRtxPendSV_Handler          0x1545    0x8a  Code  Gb  rtx_system.o [2]
osRtxPostProcess             0x15d1    0x6e  Code  Gb  rtx_system.o [2]
osRtxSemaphorePostProcess
                             0x16b9    0x42  Code  Lc  rtx_semaphore.o [2]
osRtxThreadBlock              0x629    0x34  Code  Lc  rtx_thread.o [2]
osRtxThreadDelayInsert        0x481    0x62  Code  Lc  rtx_thread.o [2]
osRtxThreadDelayRemove        0x4e3    0x44  Code  Lc  rtx_thread.o [2]
osRtxThreadDelayTick          0x527    0xee  Code  Gb  rtx_thread.o [2]
osRtxThreadDispatch           0x679    0x54  Code  Gb  rtx_thread.o [2]
osRtxThreadFree               0x967    0x56  Code  Lc  rtx_thread.o [2]
osRtxThreadListGet            0x44f    0x14  Code  Gb  rtx_thread.o [2]
osRtxThreadListPut            0x42d    0x22  Code  Gb  rtx_thread.o [2]
osRtxThreadListRemove         0x463    0x16  Code  Gb  rtx_thread.o [2]
osRtxThreadPostProcess        0x741    0x54  Code  Lc  rtx_thread.o [2]
osRtxThreadReadyPut           0x479     0x8  Code  Gb  rtx_thread.o [2]
osRtxThreadRegPtr             0x615    0x14  Code  Gb  rtx_thread.o [2]
osRtxThreadStartup            0xa51    0x30  Code  Gb  rtx_thread.o [2]
osRtxThreadSwitch             0x65d    0x1c  Code  Gb  rtx_thread.o [2]
osRtxThreadWaitEnter          0x707    0x3a  Code  Gb  rtx_thread.o [2]
osRtxThreadWaitExit           0x6d3    0x2e  Code  Gb  rtx_thread.o [2]
osRtxTick_Handler            0x14d5    0x6e  Code  Gb  rtx_system.o [2]
osRtxTimerThread             0x2881    0x44  Code  Wk  rtx_timer.o [2]
osRtxTimerTick               0x2829    0x54  Code  Lc  rtx_timer.o [2]
osRtxUserSVC                 0x2c14     0x4  Data  Wk  rtx_lib.o [1]
osSemaphoreAcquire           0x18c9    0x7e  Code  Gb  rtx_semaphore.o [2]
osSemaphoreNew               0x1889    0x3e  Code  Gb  rtx_semaphore.o [2]
osSemaphoreRelease           0x1949    0x8a  Code  Gb  rtx_semaphore.o [2]
osThreadExit                  0xacd    0x16  Code  Gb  rtx_thread.o [2]
osThreadNew                   0xa85    0x40  Code  Gb  rtx_thread.o [2]
os_idle_thread_attr          0x2b1c    0x24  Data  Lc  rtx_lib.o [1]
os_idle_thread_cb       0x2000'12f8    0x44  Data  Lc  rtx_lib.o [1]
os_idle_thread_stack    0x2000'10a8   0x100  Data  Lc  rtx_lib.o [1]
os_isr_queue            0x2000'1380    0x40  Data  Lc  rtx_lib.o [1]
os_mem                  0x2000'00a8  0x1000  Data  Lc  rtx_lib.o [1]
os_timer_mq_attr             0x2bfc    0x18  Data  Lc  rtx_lib.o [1]
os_timer_mq_cb          0x2000'13c0    0x34  Data  Lc  rtx_lib.o [1]
os_timer_mq_data        0x2000'12a8    0x50  Data  Lc  rtx_lib.o [1]
os_timer_thread_attr         0x2b40    0x24  Data  Lc  rtx_lib.o [1]
os_timer_thread_cb      0x2000'133c    0x44  Data  Lc  rtx_lib.o [1]
os_timer_thread_stack   0x2000'11a8   0x100  Data  Lc  rtx_lib.o [1]
semaphore1_id           0x2000'13fc     0x4  Data  Gb  lab5.o [1]
semaphore2_id           0x2000'1400     0x4  Data  Gb  lab5.o [1]
setLeds                      0x2501    0x4e  Code  Gb  lab5.o [1]
svcRtxDelayUntil             0x2639    0x3c  Code  Lc  rtx_delay.o [2]
svcRtxKernelGetState         0x1b13    0x12  Code  Lc  rtx_kernel.o [2]
svcRtxKernelGetTickCount
                             0x1bbb     0x4  Code  Lc  rtx_kernel.o [2]
svcRtxKernelInitialize       0x19fd   0x116  Code  Lc  rtx_kernel.o [2]
svcRtxKernelStart            0x1b25    0x96  Code  Lc  rtx_kernel.o [2]
svcRtxMessageQueueGet        0x1189    0xe8  Code  Lc  rtx_msgqueue.o [2]
svcRtxMessageQueueNew         0xf85   0x130  Code  Lc  rtx_msgqueue.o [2]
svcRtxMessageQueuePut        0x10b5    0xd4  Code  Lc  rtx_msgqueue.o [2]
svcRtxSemaphoreAcquire       0x1795    0x6e  Code  Lc  rtx_semaphore.o [2]
svcRtxSemaphoreNew           0x16fb    0x98  Code  Lc  rtx_semaphore.o [2]
svcRtxSemaphoreRelease       0x1805    0x70  Code  Lc  rtx_semaphore.o [2]
svcRtxThreadExit              0x9bd    0x8e  Code  Lc  rtx_thread.o [2]
svcRtxThreadNew               0x795   0x1cc  Code  Lc  rtx_thread.o [2]
thread1                      0x254f    0x18  Code  Gb  lab5.o [1]
thread1_id              0x2000'13f4     0x4  Data  Gb  lab5.o [1]
thread2                      0x2567    0x30  Code  Gb  lab5.o [1]
thread2_id              0x2000'13f8     0x4  Data  Gb  lab5.o [1]
tick                    0x2000'1404     0x4  Data  Gb  lab5.o [1]


[1] = F:\iar\EK-TM4C1294_RTOS_IAR8-master\Projects\lab5\Debug\Obj
[2] = RTX_CM.a
[3] = dl7M_tln.a
[4] = driverlib.a
[5] = rt7M_tl.a
[6] = shb_l.a

  10'464 bytes of readonly  code memory
     839 bytes of readonly  data memory
  37'902 bytes of readwrite data memory

Errors: none
Warnings: none
